// Jest Snapshot v1, https://goo.gl/fbAQLP

exports[`Test from App Component should mount App Component 1`] = `
<div>
  <div>
    Hello World Echp!
  </div>
</div>
`;
